Programm started at: 2026-09-07 02:03:29

Running in version 1.2[2026-09-07 12:43:44]
Error 1 at reading or storing sensor data.
	I2C read failed

	Traceback (most recent call last):
  File "/home/raspi/CO2_Project/main.py", line 211, in <module>
    g_co2_sensor.read_all()
  File "/home/raspi/CO2_Project/ccs811LIBRARY.py", line 192, in read_all
    self.read_logorithm_results()
  File "/home/raspi/CO2_Project/ccs811LIBRARY.py", line 188, in read_logorithm_results
    raise Exception (pigpio.error_text(b))
Exception: I2C read failed


[2026-09-07 23:32:09]
Git repositories synchronized
	

	NoneType: None


[2026-09-07 23:32:09]
Terminating programm
	

	NoneType: None


New initialisation demanded at: 2026-09-08 02:04:28

Running in version 1.2

[2026-09-08 11:33:41]
Error 1 at reading or storing sensor data.
	I2C read failed

	Traceback (most recent call last):
  File "/home/raspi/CO2_Project/main.py", line 211, in <module>
    g_co2_sensor.read_all()
  File "/home/raspi/CO2_Project/ccs811LIBRARY.py", line 192, in read_all
    self.read_logorithm_results()
  File "/home/raspi/CO2_Project/ccs811LIBRARY.py", line 188, in read_logorithm_results
    raise Exception (pigpio.error_text(b))
Exception: I2C read failed


[2026-09-08 23:33:05]
Git repositories synchronized
	

	NoneType: None


[2026-09-08 23:33:05]
Terminating programm
	

	NoneType: None


New initialisation demanded at: 2026-09-09 02:04:09

Running in version 1.2

