Programm started at: 2026-09-28 02:03:22

Running in version 1.2[2026-09-28 16:10:42]
Error 1 at reading or storing sensor data.
	'I2C read failed'

	Traceback (most recent call last):
  File "/home/raspi/CO2_Project/main.py", line 211, in <module>
    g_co2_sensor.read_all()
  File "/home/raspi/CO2_Project/ccs811LIBRARY.py", line 191, in read_all
    if self.data_available():
       ^^^^^^^^^^^^^^^^^^^^^
  File "/home/raspi/CO2_Project/ccs811LIBRARY.py", line 172, in data_available
    value = self.pi.i2c_read_byte_data(self.device, CSS811_STATUS)
            ^^^^^^^^^^^^^^^^^^^^^^^^^^^^^^^^^^^^^^^^^^^^^^^^^^^^^^
  File "/usr/lib/python3/dist-packages/pigpio.py", line 2874, in i2c_read_byte_data
    return _u2i(_pigpio_command(self.sl, _PI_CMD_I2CRB, handle, reg))
           ^^^^^^^^^^^^^^^^^^^^^^^^^^^^^^^^^^^^^^^^^^^^^^^^^^^^^^^^^^
  File "/usr/lib/python3/dist-packages/pigpio.py", line 1011, in _u2i
    raise error(error_text(v))
pigpio.error: 'I2C read failed'


[2026-09-28 23:33:00]
Git repositories synchronized
	

	NoneType: None


[2026-09-28 23:33:00]
Terminating programm
	

	NoneType: None


New initialisation demanded at: 2026-09-29 02:04:26

Running in version 1.2

[2026-09-29 23:32:11]
Git repositories synchronized
	

	NoneType: None


[2026-09-29 23:32:11]
Terminating programm
	

	NoneType: None


New initialisation demanded at: 2026-09-30 02:04:11

Running in version 1.2

[2026-09-30 12:15:25]
Error 1 at reading or storing sensor data.
	'I2C read failed'

	Traceback (most recent call last):
  File "/home/raspi/CO2_Project/main.py", line 211, in <module>
    g_co2_sensor.read_all()
  File "/home/raspi/CO2_Project/ccs811LIBRARY.py", line 191, in read_all
    if self.data_available():
       ^^^^^^^^^^^^^^^^^^^^^
  File "/home/raspi/CO2_Project/ccs811LIBRARY.py", line 172, in data_available
    value = self.pi.i2c_read_byte_data(self.device, CSS811_STATUS)
            ^^^^^^^^^^^^^^^^^^^^^^^^^^^^^^^^^^^^^^^^^^^^^^^^^^^^^^
  File "/usr/lib/python3/dist-packages/pigpio.py", line 2874, in i2c_read_byte_data
    return _u2i(_pigpio_command(self.sl, _PI_CMD_I2CRB, handle, reg))
           ^^^^^^^^^^^^^^^^^^^^^^^^^^^^^^^^^^^^^^^^^^^^^^^^^^^^^^^^^^
  File "/usr/lib/python3/dist-packages/pigpio.py", line 1011, in _u2i
    raise error(error_text(v))
pigpio.error: 'I2C read failed'


[2026-09-30 23:32:54]
Git repositories synchronized
	

	NoneType: None


[2026-09-30 23:32:54]
Terminating programm
	

	NoneType: None


New initialisation demanded at: 2026-10-01 02:03:17

Running in version 1.2

[2026-10-01 09:57:27]
Error 1 at reading or storing sensor data.
	I2C read failed

	Traceback (most recent call last):
  File "/home/raspi/CO2_Project/main.py", line 211, in <module>
    g_co2_sensor.read_all()
  File "/home/raspi/CO2_Project/ccs811LIBRARY.py", line 192, in read_all
    self.read_logorithm_results()
  File "/home/raspi/CO2_Project/ccs811LIBRARY.py", line 188, in read_logorithm_results
    raise Exception (pigpio.error_text(b))
Exception: I2C read failed


[2026-10-01 23:33:01]
Git repositories synchronized
	

	NoneType: None


[2026-10-01 23:33:01]
Terminating programm
	

	NoneType: None


New initialisation demanded at: 2026-10-02 02:04:10

Running in version 1.2

[2026-10-02 23:32:53]
Git repositories synchronized
	

	NoneType: None


[2026-10-02 23:32:53]
Terminating programm
	

	NoneType: None


New initialisation demanded at: 2026-10-03 02:03:52

Running in version 1.2

[2026-10-03 23:32:29]
Git repositories synchronized
	

	NoneType: None


[2026-10-03 23:32:29]
Terminating programm
	

	NoneType: None


New initialisation demanded at: 2026-10-04 02:03:08

Running in version 1.2

[2026-10-04 23:32:50]
Git repositories synchronized
	

	NoneType: None


[2026-10-04 23:32:50]
Terminating programm
	

	NoneType: None


