Programm started at: 2026-09-21 02:04:23

Running in version 1.2[2026-09-21 23:33:06]
Git repositories synchronized
	

	NoneType: None


[2026-09-21 23:33:06]
Terminating programm
	

	NoneType: None


New initialisation demanded at: 2026-09-22 02:03:38

Running in version 1.2

[2026-09-22 23:32:15]
Git repositories synchronized
	

	NoneType: None


[2026-09-22 23:32:15]
Terminating programm
	

	NoneType: None


New initialisation demanded at: 2026-09-23 02:04:42

Running in version 1.2

[2026-09-23 18:22:05]
Error 1 at reading or storing sensor data.
	'I2C read failed'

	Traceback (most recent call last):
  File "/home/raspi/CO2_Project/main.py", line 211, in <module>
    g_co2_sensor.read_all()
  File "/home/raspi/CO2_Project/ccs811LIBRARY.py", line 191, in read_all
    if self.data_available():
       ^^^^^^^^^^^^^^^^^^^^^
  File "/home/raspi/CO2_Project/ccs811LIBRARY.py", line 172, in data_available
    value = self.pi.i2c_read_byte_data(self.device, CSS811_STATUS)
            ^^^^^^^^^^^^^^^^^^^^^^^^^^^^^^^^^^^^^^^^^^^^^^^^^^^^^^
  File "/usr/lib/python3/dist-packages/pigpio.py", line 2874, in i2c_read_byte_data
    return _u2i(_pigpio_command(self.sl, _PI_CMD_I2CRB, handle, reg))
           ^^^^^^^^^^^^^^^^^^^^^^^^^^^^^^^^^^^^^^^^^^^^^^^^^^^^^^^^^^
  File "/usr/lib/python3/dist-packages/pigpio.py", line 1011, in _u2i
    raise error(error_text(v))
pigpio.error: 'I2C read failed'


[2026-09-23 23:32:26]
Git repositories synchronized
	

	NoneType: None


[2026-09-23 23:32:26]
Terminating programm
	

	NoneType: None


New initialisation demanded at: 2026-09-24 02:04:26

Running in version 1.2

