Programm started at: 2026-08-17 02:03:36

Running in version 1.2[2026-08-17 23:32:16]
Git repositories synchronized
	

	NoneType: None


[2026-08-17 23:32:16]
Terminating programm
	

	NoneType: None


New initialisation demanded at: 2026-08-18 02:04:35

Running in version 1.2

[2026-08-18 23:32:18]
Git repositories synchronized
	

	NoneType: None


[2026-08-18 23:32:18]
Terminating programm
	

	NoneType: None


New initialisation demanded at: 2026-08-19 02:04:23

Running in version 1.2

[2026-08-19 23:33:06]
Git repositories synchronized
	

	NoneType: None


[2026-08-19 23:33:06]
Terminating programm
	

	NoneType: None


New initialisation demanded at: 2026-08-20 02:03:47

Running in version 1.2

