Programm started at: 2026-07-06 02:03:34

Running in version 1.2[2026-07-06 23:32:09]
Git repositories synchronized
	

	NoneType: None


[2026-07-06 23:32:09]
Terminating programm
	

	NoneType: None


New initialisation demanded at: 2026-07-07 02:04:25

Running in version 1.2

[2026-07-07 23:33:03]
Git repositories synchronized
	

	NoneType: None


[2026-07-07 23:33:03]
Terminating programm
	

	NoneType: None


New initialisation demanded at: 2026-07-08 02:04:14

Running in version 1.2

[2026-07-08 23:32:53]
Git repositories synchronized
	

	NoneType: None


[2026-07-08 23:32:53]
Terminating programm
	

	NoneType: None


New initialisation demanded at: 2026-07-09 02:03:35

Running in version 1.2

[2026-07-09 02:37:35]
Error 1 at reading or storing sensor data.
	I2C read failed

	Traceback (most recent call last):
  File "/home/raspi/CO2_Project/main.py", line 211, in <module>
    g_co2_sensor.read_all()
  File "/home/raspi/CO2_Project/ccs811LIBRARY.py", line 192, in read_all
    self.read_logorithm_results()
  File "/home/raspi/CO2_Project/ccs811LIBRARY.py", line 188, in read_logorithm_results
    raise Exception (pigpio.error_text(b))
Exception: I2C read failed


[2026-07-09 23:32:15]
Git repositories synchronized
	

	NoneType: None


[2026-07-09 23:32:15]
Terminating programm
	

	NoneType: None


New initialisation demanded at: 2026-07-10 02:04:32

Running in version 1.2

[2026-07-10 23:32:11]
Git repositories synchronized
	

	NoneType: None


[2026-07-10 23:32:11]
Terminating programm
	

	NoneType: None


New initialisation demanded at: 2026-07-11 02:04:18

Running in version 1.2

[2026-07-11 23:32:55]
Git repositories synchronized
	

	NoneType: None


[2026-07-11 23:32:55]
Terminating programm
	

	NoneType: None


New initialisation demanded at: 2026-07-12 02:03:44

Running in version 1.2

[2026-07-12 20:47:11]
Error 1 at reading or storing sensor data.
	'I2C read failed'

	Traceback (most recent call last):
  File "/home/raspi/CO2_Project/main.py", line 211, in <module>
    g_co2_sensor.read_all()
  File "/home/raspi/CO2_Project/ccs811LIBRARY.py", line 191, in read_all
    if self.data_available():
       ^^^^^^^^^^^^^^^^^^^^^
  File "/home/raspi/CO2_Project/ccs811LIBRARY.py", line 172, in data_available
    value = self.pi.i2c_read_byte_data(self.device, CSS811_STATUS)
            ^^^^^^^^^^^^^^^^^^^^^^^^^^^^^^^^^^^^^^^^^^^^^^^^^^^^^^
  File "/usr/lib/python3/dist-packages/pigpio.py", line 2874, in i2c_read_byte_data
    return _u2i(_pigpio_command(self.sl, _PI_CMD_I2CRB, handle, reg))
           ^^^^^^^^^^^^^^^^^^^^^^^^^^^^^^^^^^^^^^^^^^^^^^^^^^^^^^^^^^
  File "/usr/lib/python3/dist-packages/pigpio.py", line 1011, in _u2i
    raise error(error_text(v))
pigpio.error: 'I2C read failed'


[2026-07-12 23:32:24]
Git repositories synchronized
	

	NoneType: None


[2026-07-12 23:32:24]
Terminating programm
	

	NoneType: None


