Programm started at: 2026-06-29 02:04:33

Running in version 1.2[2026-06-29 23:32:10]
Git repositories synchronized
	

	NoneType: None


[2026-06-29 23:32:10]
Terminating programm
	

	NoneType: None


New initialisation demanded at: 2026-06-30 02:03:42

Running in version 1.2

[2026-06-30 23:32:20]
Git repositories synchronized
	

	NoneType: None


[2026-06-30 23:32:20]
Terminating programm
	

	NoneType: None


New initialisation demanded at: 2026-07-01 02:04:25

Running in version 1.2

[2026-07-01 04:02:28]
Error 1 at reading or storing sensor data.
	'I2C read failed'

	Traceback (most recent call last):
  File "/home/raspi/CO2_Project/main.py", line 211, in <module>
    g_co2_sensor.read_all()
  File "/home/raspi/CO2_Project/ccs811LIBRARY.py", line 191, in read_all
    if self.data_available():
       ^^^^^^^^^^^^^^^^^^^^^
  File "/home/raspi/CO2_Project/ccs811LIBRARY.py", line 172, in data_available
    value = self.pi.i2c_read_byte_data(self.device, CSS811_STATUS)
            ^^^^^^^^^^^^^^^^^^^^^^^^^^^^^^^^^^^^^^^^^^^^^^^^^^^^^^
  File "/usr/lib/python3/dist-packages/pigpio.py", line 2874, in i2c_read_byte_data
    return _u2i(_pigpio_command(self.sl, _PI_CMD_I2CRB, handle, reg))
           ^^^^^^^^^^^^^^^^^^^^^^^^^^^^^^^^^^^^^^^^^^^^^^^^^^^^^^^^^^
  File "/usr/lib/python3/dist-packages/pigpio.py", line 1011, in _u2i
    raise error(error_text(v))
pigpio.error: 'I2C read failed'


[2026-07-01 23:33:06]
Git repositories synchronized
	

	NoneType: None


[2026-07-01 23:33:06]
Terminating programm
	

	NoneType: None


New initialisation demanded at: 2026-07-02 02:04:13

Running in version 1.2

[2026-07-02 23:32:52]
Git repositories synchronized
	

	NoneType: None


[2026-07-02 23:32:52]
Terminating programm
	

	NoneType: None


New initialisation demanded at: 2026-07-03 02:03:32

Running in version 1.2

[2026-07-03 23:13:01]
Error 1 at reading or storing sensor data.
	'I2C read failed'

	Traceback (most recent call last):
  File "/home/raspi/CO2_Project/main.py", line 211, in <module>
    g_co2_sensor.read_all()
  File "/home/raspi/CO2_Project/ccs811LIBRARY.py", line 191, in read_all
    if self.data_available():
       ^^^^^^^^^^^^^^^^^^^^^
  File "/home/raspi/CO2_Project/ccs811LIBRARY.py", line 172, in data_available
    value = self.pi.i2c_read_byte_data(self.device, CSS811_STATUS)
            ^^^^^^^^^^^^^^^^^^^^^^^^^^^^^^^^^^^^^^^^^^^^^^^^^^^^^^
  File "/usr/lib/python3/dist-packages/pigpio.py", line 2874, in i2c_read_byte_data
    return _u2i(_pigpio_command(self.sl, _PI_CMD_I2CRB, handle, reg))
           ^^^^^^^^^^^^^^^^^^^^^^^^^^^^^^^^^^^^^^^^^^^^^^^^^^^^^^^^^^
  File "/usr/lib/python3/dist-packages/pigpio.py", line 1011, in _u2i
    raise error(error_text(v))
pigpio.error: 'I2C read failed'


[2026-07-03 23:32:08]
Git repositories synchronized
	

	NoneType: None


[2026-07-03 23:32:08]
Terminating programm
	

	NoneType: None


New initialisation demanded at: 2026-07-04 02:04:32

Running in version 1.2

[2026-07-04 04:08:35]
Error 1 at reading or storing sensor data.
	I2C read failed

	Traceback (most recent call last):
  File "/home/raspi/CO2_Project/main.py", line 211, in <module>
    g_co2_sensor.read_all()
  File "/home/raspi/CO2_Project/ccs811LIBRARY.py", line 192, in read_all
    self.read_logorithm_results()
  File "/home/raspi/CO2_Project/ccs811LIBRARY.py", line 188, in read_logorithm_results
    raise Exception (pigpio.error_text(b))
Exception: I2C read failed


[2026-07-04 23:32:15]
Git repositories synchronized
	

	NoneType: None


[2026-07-04 23:32:15]
Terminating programm
	

	NoneType: None


New initialisation demanded at: 2026-07-05 02:04:15

Running in version 1.2

[2026-07-05 11:05:27]
Error 1 at reading or storing sensor data.
	I2C read failed

	Traceback (most recent call last):
  File "/home/raspi/CO2_Project/main.py", line 211, in <module>
    g_co2_sensor.read_all()
  File "/home/raspi/CO2_Project/ccs811LIBRARY.py", line 192, in read_all
    self.read_logorithm_results()
  File "/home/raspi/CO2_Project/ccs811LIBRARY.py", line 188, in read_logorithm_results
    raise Exception (pigpio.error_text(b))
Exception: I2C read failed


