Programm started at: 2026-09-14 02:04:31

Running in version 1.2[2026-09-14 23:32:07]
Git repositories synchronized
	

	NoneType: None


[2026-09-14 23:32:07]
Terminating programm
	

	NoneType: None


New initialisation demanded at: 2026-09-15 02:04:12

Running in version 1.2

[2026-09-15 23:32:54]
Git repositories synchronized
	

	NoneType: None


[2026-09-15 23:32:54]
Terminating programm
	

	NoneType: None


New initialisation demanded at: 2026-09-16 02:03:32

Running in version 1.2

[2026-09-16 16:05:51]
Error 1 at reading or storing sensor data.
	'I2C read failed'

	Traceback (most recent call last):
  File "/home/raspi/CO2_Project/main.py", line 211, in <module>
    g_co2_sensor.read_all()
  File "/home/raspi/CO2_Project/ccs811LIBRARY.py", line 191, in read_all
    if self.data_available():
       ^^^^^^^^^^^^^^^^^^^^^
  File "/home/raspi/CO2_Project/ccs811LIBRARY.py", line 172, in data_available
    value = self.pi.i2c_read_byte_data(self.device, CSS811_STATUS)
            ^^^^^^^^^^^^^^^^^^^^^^^^^^^^^^^^^^^^^^^^^^^^^^^^^^^^^^
  File "/usr/lib/python3/dist-packages/pigpio.py", line 2874, in i2c_read_byte_data
    return _u2i(_pigpio_command(self.sl, _PI_CMD_I2CRB, handle, reg))
           ^^^^^^^^^^^^^^^^^^^^^^^^^^^^^^^^^^^^^^^^^^^^^^^^^^^^^^^^^^
  File "/usr/lib/python3/dist-packages/pigpio.py", line 1011, in _u2i
    raise error(error_text(v))
pigpio.error: 'I2C read failed'


[2026-09-16 19:20:57]
Error 1 at reading or storing sensor data.
	I2C read failed

	Traceback (most recent call last):
  File "/home/raspi/CO2_Project/main.py", line 211, in <module>
    g_co2_sensor.read_all()
  File "/home/raspi/CO2_Project/ccs811LIBRARY.py", line 192, in read_all
    self.read_logorithm_results()
  File "/home/raspi/CO2_Project/ccs811LIBRARY.py", line 188, in read_logorithm_results
    raise Exception (pigpio.error_text(b))
Exception: I2C read failed


[2026-09-16 23:32:15]
Git repositories synchronized
	

	NoneType: None


[2026-09-16 23:32:15]
Terminating programm
	

	NoneType: None


New initialisation demanded at: 2026-09-17 02:04:42

Running in version 1.2

[2026-09-17 23:32:23]
Git repositories synchronized
	

	NoneType: None


[2026-09-17 23:32:23]
Terminating programm
	

	NoneType: None


New initialisation demanded at: 2026-09-18 02:04:24

Running in version 1.2

