Programm started at: 2026-07-20 01:36:35

Running in version 1.2[2026-07-20 23:31:12]
Git repositories synchronized
	

	NoneType: None


[2026-07-20 23:31:12]
Terminating programm
	

	NoneType: None


New initialisation demanded at: 2026-07-21 01:36:40

Running in version 1.2

[2026-07-21 23:31:18]
Git repositories synchronized
	

	NoneType: None


[2026-07-21 23:31:18]
Terminating programm
	

	NoneType: None


New initialisation demanded at: 2026-07-22 01:35:44

Running in version 1.2

[2026-07-22 19:39:10]
Error 1 at reading or storing sensor data.
	I2C read failed

	Traceback (most recent call last):
  File "/home/raspi/CO2_Project/main.py", line 211, in <module>
    g_co2_sensor.read_all()
  File "/home/raspi/CO2_Project/ccs811LIBRARY.py", line 192, in read_all
    self.read_logorithm_results()
  File "/home/raspi/CO2_Project/ccs811LIBRARY.py", line 188, in read_logorithm_results
    raise Exception (pigpio.error_text(b))
Exception: I2C read failed


[2026-07-22 23:31:24]
Git repositories synchronized
	

	NoneType: None


[2026-07-22 23:31:24]
Terminating programm
	

	NoneType: None


New initialisation demanded at: 2026-07-23 01:36:24

Running in version 1.2

[2026-07-23 23:32:04]
Git repositories synchronized
	

	NoneType: None


[2026-07-23 23:32:04]
Terminating programm
	

	NoneType: None


New initialisation demanded at: 2026-07-24 01:36:38

Running in version 1.2

[2026-07-24 23:31:16]
Git repositories synchronized
	

	NoneType: None


[2026-07-24 23:31:16]
Terminating programm
	

	NoneType: None


New initialisation demanded at: 2026-07-25 01:35:47

Running in version 1.2

