Programm started at: 2026-10-05 02:04:05

Running in version 1.2[2026-10-05 23:32:48]
Git repositories synchronized
	

	NoneType: None


[2026-10-05 23:32:48]
Terminating programm
	

	NoneType: None


New initialisation demanded at: 2026-10-06 02:04:00

Running in version 1.2

[2026-10-06 23:32:42]
Git repositories synchronized
	

	NoneType: None


[2026-10-06 23:32:42]
Terminating programm
	

	NoneType: None


New initialisation demanded at: 2026-10-07 02:03:15

Running in version 1.2

[2026-10-07 05:19:19]
Error 1 at reading or storing sensor data.
	I2C read failed

	Traceback (most recent call last):
  File "/home/raspi/CO2_Project/main.py", line 211, in <module>
    g_co2_sensor.read_all()
  File "/home/raspi/CO2_Project/ccs811LIBRARY.py", line 192, in read_all
    self.read_logorithm_results()
  File "/home/raspi/CO2_Project/ccs811LIBRARY.py", line 188, in read_logorithm_results
    raise Exception (pigpio.error_text(b))
Exception: I2C read failed


[2026-10-07 23:32:59]
Git repositories synchronized
	

	NoneType: None


[2026-10-07 23:32:59]
Terminating programm
	

	NoneType: None


New initialisation demanded at: 2026-10-08 02:04:22

Running in version 1.2

[2026-10-08 23:33:04]
Git repositories synchronized
	

	NoneType: None


[2026-10-08 23:33:04]
Terminating programm
	

	NoneType: None


New initialisation demanded at: 2026-10-09 02:04:04

Running in version 1.2

