Programm started at: 2026-07-06 01:36:33

Running in version 1.2[2026-07-06 16:53:55]
Error 1 at reading or storing sensor data.
	'I2C read failed'

	Traceback (most recent call last):
  File "/home/raspi/CO2_Project/main.py", line 211, in <module>
    g_co2_sensor.read_all()
  File "/home/raspi/CO2_Project/ccs811LIBRARY.py", line 191, in read_all
    if self.data_available():
       ^^^^^^^^^^^^^^^^^^^^^
  File "/home/raspi/CO2_Project/ccs811LIBRARY.py", line 172, in data_available
    value = self.pi.i2c_read_byte_data(self.device, CSS811_STATUS)
            ^^^^^^^^^^^^^^^^^^^^^^^^^^^^^^^^^^^^^^^^^^^^^^^^^^^^^^
  File "/usr/lib/python3/dist-packages/pigpio.py", line 2874, in i2c_read_byte_data
    return _u2i(_pigpio_command(self.sl, _PI_CMD_I2CRB, handle, reg))
           ^^^^^^^^^^^^^^^^^^^^^^^^^^^^^^^^^^^^^^^^^^^^^^^^^^^^^^^^^^
  File "/usr/lib/python3/dist-packages/pigpio.py", line 1011, in _u2i
    raise error(error_text(v))
pigpio.error: 'I2C read failed'


[2026-07-06 23:31:18]
Git repositories synchronized
	

	NoneType: None


[2026-07-06 23:31:18]
Terminating programm
	

	NoneType: None


New initialisation demanded at: 2026-07-07 01:35:38

Running in version 1.2

[2026-07-07 23:31:21]
Git repositories synchronized
	

	NoneType: None


[2026-07-07 23:31:21]
Terminating programm
	

	NoneType: None


New initialisation demanded at: 2026-07-08 01:36:26

Running in version 1.2

[2026-07-08 23:32:12]
Git repositories synchronized
	

	NoneType: None


[2026-07-08 23:32:12]
Terminating programm
	

	NoneType: None


New initialisation demanded at: 2026-07-09 01:36:39

Running in version 1.2

[2026-07-09 23:31:22]
Git repositories synchronized
	

	NoneType: None


[2026-07-09 23:31:22]
Terminating programm
	

	NoneType: None


New initialisation demanded at: 2026-07-10 01:35:45

Running in version 1.2

[2026-07-10 23:31:28]
Git repositories synchronized
	

	NoneType: None


[2026-07-10 23:31:28]
Terminating programm
	

	NoneType: None


New initialisation demanded at: 2026-07-11 01:36:26

Running in version 1.2

[2026-07-11 14:14:45]
Error 1 at reading or storing sensor data.
	I2C read failed

	Traceback (most recent call last):
  File "/home/raspi/CO2_Project/main.py", line 211, in <module>
    g_co2_sensor.read_all()
  File "/home/raspi/CO2_Project/ccs811LIBRARY.py", line 192, in read_all
    self.read_logorithm_results()
  File "/home/raspi/CO2_Project/ccs811LIBRARY.py", line 188, in read_logorithm_results
    raise Exception (pigpio.error_text(b))
Exception: I2C read failed


