Programm started at: 2026-08-31 02:04:07

Running in version 1.2[2026-08-31 23:32:48]
Git repositories synchronized
	

	NoneType: None


[2026-08-31 23:32:48]
Terminating programm
	

	NoneType: None


New initialisation demanded at: 2026-09-01 02:03:32

Running in version 1.2

[2026-09-01 23:32:12]
Git repositories synchronized
	

	NoneType: None


[2026-09-01 23:32:12]
Terminating programm
	

	NoneType: None


New initialisation demanded at: 2026-09-02 02:04:37

Running in version 1.2

[2026-09-02 23:32:17]
Git repositories synchronized
	

	NoneType: None


[2026-09-02 23:32:17]
Terminating programm
	

	NoneType: None


New initialisation demanded at: 2026-09-03 02:04:26

Running in version 1.2

[2026-09-03 23:33:05]
Git repositories synchronized
	

	NoneType: None


[2026-09-03 23:33:05]
Terminating programm
	

	NoneType: None


New initialisation demanded at: 2026-09-04 02:03:47

Running in version 1.2

[2026-09-04 23:32:27]
Git repositories synchronized
	

	NoneType: None


[2026-09-04 23:32:27]
Terminating programm
	

	NoneType: None


New initialisation demanded at: 2026-09-05 02:04:43

Running in version 1.2

[2026-09-05 23:32:27]
Git repositories synchronized
	

	NoneType: None


[2026-09-05 23:32:27]
Terminating programm
	

	NoneType: None


New initialisation demanded at: 2026-09-06 02:04:14

Running in version 1.2

[2026-09-06 13:00:30]
Error 1 at reading or storing sensor data.
	I2C read failed

	Traceback (most recent call last):
  File "/home/raspi/CO2_Project/main.py", line 211, in <module>
    g_co2_sensor.read_all()
  File "/home/raspi/CO2_Project/ccs811LIBRARY.py", line 192, in read_all
    self.read_logorithm_results()
  File "/home/raspi/CO2_Project/ccs811LIBRARY.py", line 188, in read_logorithm_results
    raise Exception (pigpio.error_text(b))
Exception: I2C read failed


